	doubles
S100.8123_S2	9
S101.8118_S3	8
S102.8145_S4	6
S103.8150_S5	13
S104.8162_S6	17
S105.8151_S7	14
S106.8079_S8	7
S107.8192_S9	14
S108.8103_S10	6
S109.8446_S11	13
S110.8096_S12	9
S111.8449_S13	18
S112.8459_S14	5
S113.8451_S15	4
S114.8452_S16	7
S115.8234_S17	11
S116.8209_S18	14
S117.8026_S19	8
S118.8490_S20	13
S119.8130_S21	4
S120.8477_S22	15
S121.8264_S23	8
S122.8134_S24	5
S123.8176_S25	14
S124.8224_S26	14
S125.8210_S27	6
S126.8135_S28	21
S127.8112_S29	8
S128.8202_S30	9
S129.8204_S31	6
S130.8507_S32	3
S131.8274_S33	9
S132.8297_S34	15
S133.8222_S35	10
S134.8546_S36	3
S135.8381_S37	5
S136.8391_S38	9
S137.8574_S39	0
S138.8047_S40	2
S139.8583_S41	27
S140.8013_S42	14
S141.8080_S43	10
S142.8621_S44	16
S143.8071_S45	9
S144.8417_S46	9
S145.8371_S47	4
S146.8430_S48	5
S147.8369_S49	21
S148.8242_S50	3
S149.8312_S51	10
